name	golden
health	400
speed	12
type	enemy
shadow	5
noatflash 1
flash	robof
nodieblink 3
icon	data/chars/golden/icon.gif
diesound data/sounds/die1.wav
palette	data/chars/golden/idle1.gif

#alternatepal	data/chars/ghknight/testpal.gif
#alternatepal	data/chars/ghknight/testpal2.gif
#alternatepal	data/chars/ghknight/testpal3.gif
#remap	data/chars/ork/walk5.gif	data/chars/ork/pal2.gif
#remap	data/chars/android/stand.gif data/chars/android/alt1.gif
#remap	data/chars/android/stand.gif data/chars/android/alt2.gif
#remap	data/chars/android/stand2.gif data/chars/android/alt11.gif
#remap	data/chars/android/stand2.gif data/chars/android/alt12.gif
#remap	data/chars/android/stand2.gif data/chars/android/alt13.gif

anim idle
	loop	1
	offset  115 160
	bbox 	101 75 38 84
	delay	15
	frame	data/chars/golden/idle1.gif
	frame	data/chars/golden/idle2.gif
	frame	data/chars/golden/idle3.gif
	frame	data/chars/golden/idle4.gif
	frame	data/chars/golden/idle3.gif
	frame	data/chars/golden/idle2.gif

	
anim walk
	loop	1
	offset	115 160
	bbox 	102 80 40 80
	delay	13
	frame	data/chars/golden/walk1.gif
	frame	data/chars/golden/walk2.gif
	frame	data/chars/golden/walk3.gif
	frame	data/chars/golden/walk4.gif
	frame	data/chars/golden/walk5.gif
	frame	data/chars/golden/walk6.gif


		
anim pain
	loop	0
	delay	4
	offset	115 160
	bbox	150 105 135 70
	frame	data/chars/golden/pain1.gif
	frame	data/chars/golden/pain1.gif


	
anim fall
	loop	0
	delay	13
	offset	115 160
	frame	data/chars/golden/pain1.gif
	frame	data/chars/golden/fall1.gif
	frame	data/chars/golden/fall2.gif
	frame	data/chars/golden/fall3.gif


anim rise
	loop	0
	delay	11
	offset	115 160
	frame	data/chars/golden/rise1.gif



anim attack1
	range	0 100
	loop	0
	delay	7
	offset	100 184
	bbox	44 58 63 84
	frame	data/chars/ghknight/atk1.gif
	frame	data/chars/ghknight/atk2.gif
	attack	132 126 90 54 25 1 0 0 20
	frame	data/chars/ghknight/atk3.gif
	frame	data/chars/ghknight/atk4.gif
	attack	0 0 0 0 0
	frame	data/chars/ghknight/atk5.gif
	


			
#anim special
#	range	0 150
#	offset	107 143
#	delay	3
#	bbox	40 85 76 82
#	frame	data/chars/android/special/000.gif

	
